#-----------------------------------------------------------
# Vivado v2025.2 (64-bit)
# SW Build 6299465 on Fri Nov 14 19:35:11 GMT 2025
# IP Build 6300035 on Fri Nov 14 10:48:45 MST 2025
# SharedData Build 6298862 on Thu Nov 13 04:50:51 MST 2025
# Start of session at: Thu Mar 19 20:51:08 2026
# Process ID         : 19416
# Current directory  : F:/HW/Chip_Design_FPT_Jetking/Semester_2/Final_Project/Git/Final_Project_Semester2_FPT_Jetking/FPGA_CODE/final_project_sem02_ver_08/final_project_sem02_ver_08.runs/impl_1
# Command line       : vivado.exe -log pwm_gen.vdi -applog -product Vivado -messageDb vivado.pb -mode batch -source pwm_gen.tcl -notrace
# Log file           : F:/HW/Chip_Design_FPT_Jetking/Semester_2/Final_Project/Git/Final_Project_Semester2_FPT_Jetking/FPGA_CODE/final_project_sem02_ver_08/final_project_sem02_ver_08.runs/impl_1/pwm_gen.vdi
# Journal file       : F:/HW/Chip_Design_FPT_Jetking/Semester_2/Final_Project/Git/Final_Project_Semester2_FPT_Jetking/FPGA_CODE/final_project_sem02_ver_08/final_project_sem02_ver_08.runs/impl_1\vivado.jou
# Running On         : DESKTOP-GMTC8DG
# Platform           : Windows Server 2016 or Windows 10
# Operating System   : 19045
# Processor Detail   : 11th Gen Intel(R) Core(TM) i7-1165G7 @ 2.80GHz
# CPU Frequency      : 1690 MHz
# CPU Physical cores : 4
# CPU Logical cores  : 8
# Host memory        : 16889 MB
# Swap memory        : 3982 MB
# Total Virtual      : 20871 MB
# Available Virtual  : 4264 MB
#-----------------------------------------------------------
source pwm_gen.tcl -notrace
